src/app/dashboard/page.tsx(64,47): error TS2339: Property 'user' does not exist on type 'Promise<UserResponse>'.
src/app/dashboard/scores/page.tsx(53,53): error TS2339: Property 'user' does not exist on type 'Promise<UserResponse>'.
src/app/dashboard/scores/page.tsx(62,48): error TS2339: Property 'user' does not exist on type 'Promise<UserResponse>'.
src/app/dashboard/winnings/page.tsx(26,47): error TS2339: Property 'user' does not exist on type 'Promise<UserResponse>'.
